============================= test session starts ==============================
platform linux -- Python 3.12.9, pytest-9.1.1, pluggy-1.6.0
rootdir: /mnt/data/accretion-v05-execution-2026-09-09/integration
configfile: pyproject.toml
testpaths: tests
asyncio: mode=Mode.AUTO, debug=False, asyncio_default_fixture_loop_scope=None, asyncio_default_test_loop_scope=function
collected 3877 items

tests/test_acceptance_harness.py ....................................... [  1%]
......                                                                   [  1%]
tests/test_acr_arch.py ....                                              [  1%]
tests/test_api_controls.py ......                                        [  1%]
tests/test_api_planning.py ..                                            [  1%]
tests/test_fake_runtime.py .                                             [  1%]
tests/test_frontend_anchor_sync.py ...........                           [  1%]
tests/test_future_sdd_package.py ......                                  [  1%]
tests/test_graph_execution.py ..........                                 [  2%]
tests/test_ids_and_redaction.py ...                                      [  2%]
tests/test_live_runtimes.py ssssss                                       [  2%]
tests/test_live_sample.py ..                                             [  2%]
tests/test_loop_execution.py ..........                                  [  2%]
tests/test_looping.py ............                                       [  3%]
tests/test_opencode_runtime.py .....................                     [  3%]
tests/test_p2_foundation.py ............                                 [  3%]
tests/test_p2_postgres_store.py .                                        [  3%]
tests/test_p3_checkpoint_replay.py ........                              [  4%]
tests/test_p3_conformance_fixes.py ........                              [  4%]
tests/test_p3_foundation.py .............                                [  4%]
tests/test_p3_postgres_store.py ..                                       [  4%]
tests/test_p4_governance.py ......                                       [  4%]
tests/test_p5_dynamic_benchmark.py ...                                   [  4%]
tests/test_p5_dynamic_foundation.py ...................                  [  5%]
tests/test_p5_dynamic_service.py .....                                   [  5%]
tests/test_p5_postgres_store.py .                                        [  5%]
tests/test_p6_postgres_store.py .                                        [  5%]
tests/test_p6_search_benchmark.py ..                                     [  5%]
tests/test_p6_search_contracts.py ..............                         [  6%]
tests/test_p7_experience_benchmark.py ..                                 [  6%]
tests/test_p7_experience_contracts.py ..                                 [  6%]
tests/test_p7_experience_service.py .....                                [  6%]
tests/test_p7_postgres_store.py .                                        [  6%]
tests/test_p7_trajectory_replay.py ..                                    [  6%]
tests/test_planning.py ........                                          [  6%]
tests/test_postgres_store.py ...                                         [  6%]
tests/test_projections.py ........                                       [  6%]
tests/test_provider_pilot_dry_run.py ................................... [  7%]
....                                                                     [  7%]
tests/test_repeatable_runtimes.py .......                                [  8%]
tests/test_runtime_protocols.py .....                                    [  8%]
tests/test_runtime_stream_limits.py .......                              [  8%]
tests/test_store_and_side_effects.py ..                                  [  8%]
tests/test_template_registry.py ..............                           [  8%]
tests/test_v01_p4_sandbox_parity.py ....                                 [  8%]
tests/test_v03_m0_connections.py ..........                              [  9%]
tests/test_v03_m0_postgres_store.py ..                                   [  9%]
tests/test_v03_m1_identity.py ...........                                [  9%]
tests/test_v03_m1_postgres_store.py .                                    [  9%]
tests/test_v03_m2_broker_execution.py .......                            [  9%]
tests/test_v03_m2_connection_hardening.py .........                      [  9%]
tests/test_v03_m2_connection_routes.py .....                             [ 10%]
tests/test_v03_m2_identity_authority.py ....                             [ 10%]
tests/test_v03_m2_postgres_store.py ...                                  [ 10%]
tests/test_v03_m2_secret_scan.py ...                                     [ 10%]
tests/test_v03_m2_token_broker.py ..................                     [ 10%]
tests/test_v03_m3_postgres_store.py .                                    [ 10%]
tests/test_v03_m3_remote_mcp.py ..........                               [ 11%]
tests/test_v03_m4_plugin_primitives.py ................................. [ 11%]
..................................                                       [ 12%]
tests/test_v03_m4_plugins.py ...................                         [ 13%]
tests/test_v03_m4_postgres_store.py ..                                   [ 13%]
tests/test_v03_m5_evidence_contracts.py ...                              [ 13%]
tests/test_v03_m5_postgres_store.py .                                    [ 13%]
tests/test_v03_m5_research.py .........................                  [ 14%]
tests/test_v03_m6_admin_surface.py ........                              [ 14%]
tests/test_v03_m6_api_client_contract.py ....                            [ 14%]
tests/test_v03_m6_mcp_discovery_api.py ...                               [ 14%]
tests/test_v03_m6_run_inspectors.py ....                                 [ 14%]
tests/test_v03_m7_enterprise_auth.py .................                   [ 14%]
tests/test_v03_m7_enterprise_auth_store.py .............                 [ 15%]
tests/test_v03_m7_enterprise_mcp.py ........                             [ 15%]
tests/test_v03_m7_enterprise_secret_scan.py ...                          [ 15%]
tests/test_v03_m7_identity_retention.py .....                            [ 15%]
tests/test_v03_m7_postgres_migration.py ..                               [ 15%]
tests/test_v03_m7_postgres_store.py ....                                 [ 15%]
tests/test_v03_m8_benchmark_versioning.py .....                          [ 15%]
tests/test_v03_m8_experience_evidence.py ........................        [ 16%]
tests/test_v03_m8_inherited_planning.py ...................              [ 17%]
tests/test_v03_m8_inherited_search.py ...........                        [ 17%]
tests/test_v03_m8_live_protocol.py .......                               [ 17%]
tests/test_v03_m8_release_gate.py ...............                        [ 17%]
tests/test_v041_amendment.py ....                                        [ 18%]
tests/test_v041_selector_weights.py ..                                   [ 18%]
tests/test_v04_budget_admission.py ................................      [ 18%]
tests/test_v04_experience_revisions.py ...........                       [ 19%]
tests/test_v04_experience_revisions_migration.py ...                     [ 19%]
tests/test_v04_experience_revisions_postgres_store.py .....              [ 19%]
tests/test_v04_freeze_delta.py ..........................                [ 20%]
tests/test_v04_freeze_delta_migration.py ...                             [ 20%]
tests/test_v04_freeze_delta_postgres_store.py ....                       [ 20%]
tests/test_v04_m0_canonical.py ......................................... [ 21%]
.................................                                        [ 22%]
tests/test_v04_m0_fixtures.py .......................................... [ 23%]
........................................................................ [ 25%]
........................................................................ [ 26%]
........................................................................ [ 28%]
........................................................................ [ 30%]
.................................................                        [ 31%]
tests/test_v04_m0_ids.py ......................                          [ 32%]
tests/test_v04_m0_migration.py ..                                        [ 32%]
tests/test_v04_m0_persistence_models.py ................................ [ 33%]
................................                                         [ 34%]
tests/test_v04_m0_postgres_store.py ................                     [ 34%]
tests/test_v04_m0_refs.py .............................................. [ 35%]
.........................                                                [ 36%]
tests/test_v04_m0_routing_contracts.py ................................. [ 37%]
........................................................................ [ 39%]
........................................................................ [ 41%]
........................................................................ [ 42%]
........................................................................ [ 44%]
........................................................................ [ 46%]
........................................................................ [ 48%]
........................................................................ [ 50%]
........................................................................ [ 52%]
........................................................................ [ 54%]
........................................................................ [ 55%]
........                                                                 [ 56%]
tests/test_v04_m0_schemas.py ........................................... [ 57%]
............................................                             [ 58%]
tests/test_v04_m0_store.py ............................................. [ 59%]
........................................................................ [ 61%]
........................................................................ [ 63%]
...........................................................              [ 64%]
tests/test_v04_m10_ablations.py ...................................      [ 65%]
tests/test_v04_m10_baselines.py ........                                 [ 65%]
tests/test_v04_m10_benchmark_api.py ...........                          [ 66%]
tests/test_v04_m10_locked_corpus.py ........                             [ 66%]
tests/test_v04_m10_locked_test.py .............                          [ 66%]
tests/test_v04_m10_pilot.py .....................                        [ 67%]
tests/test_v04_m10_pooling.py ....                                       [ 67%]
tests/test_v04_m10_preregistration.py ....                               [ 67%]
tests/test_v04_m10_regret.py ......                                      [ 67%]
tests/test_v04_m10_router_benchmark.py .........                         [ 67%]
tests/test_v04_m10_split.py .........                                    [ 68%]
tests/test_v04_m10_stats.py .........                                    [ 68%]
tests/test_v04_m1_compatibility.py ..................................... [ 69%]
.                                                                        [ 69%]
tests/test_v04_m1_events.py .....                                        [ 69%]
tests/test_v04_m1_gates.py .............                                 [ 69%]
tests/test_v04_m1_ids.py ............................................... [ 70%]
.....................................................................    [ 72%]
tests/test_v04_m1_postgres_store.py ..                                   [ 72%]
tests/test_v04_m2_adversarial.py ................                        [ 73%]
tests/test_v04_m2_api.py .......                                         [ 73%]
tests/test_v04_m2_candidates.py ..........                               [ 73%]
tests/test_v04_m2_dispatch.py ...............                            [ 74%]
tests/test_v04_m2_end_to_end.py ...                                      [ 74%]
tests/test_v04_m2_freeze.py ........                                     [ 74%]
tests/test_v04_m2_graph_features.py .........                            [ 74%]
tests/test_v04_m2_memory_atomicity.py .                                  [ 74%]
tests/test_v04_m2_postgres_store.py ....                                 [ 74%]
tests/test_v04_m2_selected_tools.py .....                                [ 74%]
tests/test_v04_m2_selector.py ......                                     [ 74%]
tests/test_v04_m2_service.py ..................                          [ 75%]
tests/test_v04_m2_tool_scope.py ..                                       [ 75%]
tests/test_v04_m3_api.py .........                                       [ 75%]
tests/test_v04_m3_attribution.py ...............                         [ 76%]
tests/test_v04_m3_e2e.py ......                                          [ 76%]
tests/test_v04_m3_evidence.py ............                               [ 76%]
tests/test_v04_m3_experience.py .....................                    [ 77%]
tests/test_v04_m3_failures.py ..                                         [ 77%]
tests/test_v04_m3_pipeline.py .......................                    [ 77%]
tests/test_v04_m3_postgres_store.py .....                                [ 77%]
tests/test_v04_m3_recovery.py ......                                     [ 77%]
tests/test_v04_m3_verification.py .........                              [ 78%]
tests/test_v04_m4_api.py .........                                       [ 78%]
tests/test_v04_m4_calibration.py ...                                     [ 78%]
tests/test_v04_m4_features.py ...                                        [ 78%]
tests/test_v04_m4_gbdt.py ...                                            [ 78%]
tests/test_v04_m4_postgres_store.py ....                                 [ 78%]
tests/test_v04_m4_ranker.py ...                                          [ 78%]
tests/test_v04_m4_train.py .............                                 [ 79%]
tests/test_v04_m4_training_snapshot.py .....                             [ 79%]
tests/test_v04_m5_adapter.py .....                                       [ 79%]
tests/test_v04_m5_coldstart.py .......                                   [ 79%]
tests/test_v04_m5_events.py ....                                         [ 79%]
tests/test_v04_m5_postgres_store.py ..                                   [ 79%]
tests/test_v04_m5_stages.py ........                                     [ 80%]
tests/test_v04_m6_e2e.py .......                                         [ 80%]
tests/test_v04_m6_fake_runtime.py ......                                 [ 80%]
tests/test_v04_m6_postgres_store.py ....                                 [ 80%]
tests/test_v04_m6_report_api.py ........                                 [ 80%]
tests/test_v04_m6_rollout.py .............                               [ 80%]
tests/test_v04_m6_shadow.py ...................................          [ 81%]
tests/test_v04_m7_bandit.py ................                             [ 82%]
tests/test_v04_m7_breaker_inputs.py ........                             [ 82%]
tests/test_v04_m7_breakers.py ..............                             [ 82%]
tests/test_v04_m7_ledger.py ....                                         [ 82%]
tests/test_v04_m7_postgres_store.py ..                                   [ 83%]
tests/test_v04_m8_activation.py ................                         [ 83%]
tests/test_v04_m8_adversarial.py ......                                  [ 83%]
tests/test_v04_m8_api.py ..............                                  [ 83%]
tests/test_v04_m8_digests.py .................                           [ 84%]
tests/test_v04_m8_evaluator.py ........................                  [ 85%]
tests/test_v04_m8_migration.py ......                                    [ 85%]
tests/test_v04_m8_ope.py ......................                          [ 85%]
tests/test_v04_m8_postgres_store.py ........                             [ 85%]
tests/test_v04_m8_promotion.py ............................              [ 86%]
tests/test_v04_m8_upcast.py ............................................ [ 87%]
........................................................................ [ 89%]
..................                                                       [ 90%]
tests/test_v04_m9_correlation.py ...                                     [ 90%]
tests/test_v04_seam_executing_provider.py .........                      [ 90%]
tests/test_v04_upcast_references.py ........................             [ 91%]
tests/test_v04_upcast_references_postgres.py ........................... [ 91%]
...                                                                      [ 91%]
tests/test_v05_api_preconditions.py .................................... [ 92%]
................................                                         [ 93%]
tests/test_v05_contracts.py ............................................ [ 94%]
........................................................................ [ 96%]
........................................................                 [ 98%]
tests/test_v05_m0_acceptance.py ........................................ [ 99%]
.........................                                                [ 99%]
tests/test_verifiers.py ..........                                       [ 99%]
tests/test_workspace_and_manager.py ..                                   [100%]

=========================== short test summary info ============================
SKIPPED [1] tests/test_live_runtimes.py:59: set ACCRETION_LIVE_PROVIDERS=1 to use signed-in provider sessions
SKIPPED [1] tests/test_live_runtimes.py:87: set ACCRETION_LIVE_PROVIDERS=1 to use signed-in provider sessions
SKIPPED [1] tests/test_live_runtimes.py:101: set ACCRETION_LIVE_PROVIDERS=1 to use signed-in provider sessions
SKIPPED [1] tests/test_live_runtimes.py:127: set ACCRETION_LIVE_PROVIDERS=1 to use signed-in provider sessions
SKIPPED [1] tests/test_live_runtimes.py:134: set ACCRETION_LIVE_PROVIDERS=1 to use signed-in provider sessions
SKIPPED [1] tests/test_live_runtimes.py:144: set ACCRETION_LIVE_PROVIDERS=1 to use signed-in provider sessions
================= 3871 passed, 6 skipped in 182.48s (0:03:02) ==================
