........................................................................ [  1%]
................ssssss.................................................. [  3%]
........................................................................ [  5%]
........................................................................ [  6%]
........................................................................ [  8%]
........................................................................ [ 10%]
........................................................................ [ 11%]
........................................................................ [ 13%]
........................................................................ [ 15%]
........................................................................ [ 17%]
........................................................................ [ 18%]
........................................................................ [ 20%]
........................................................................ [ 22%]
........................................................................ [ 23%]
........................................................................ [ 25%]
........................................................................ [ 27%]
........................................................................ [ 28%]
........................................................................ [ 30%]
........................................................................ [ 32%]
........................................................................ [ 34%]
........................................................................ [ 35%]
........................................................................ [ 37%]
........................................................................ [ 39%]
........................................................................ [ 40%]
........................................................................ [ 42%]
........................................................................ [ 44%]
........................................................................ [ 46%]
........................................................................ [ 47%]
........................................................................ [ 49%]
........................................................................ [ 51%]
........................................................................ [ 52%]
........................................................................ [ 54%]
........................................................................ [ 56%]
........................................................................ [ 57%]
........................................................................ [ 59%]
........................................................................ [ 61%]
........................................................................ [ 63%]
........................................................................ [ 64%]
........................................................................ [ 66%]
........................................................................ [ 68%]
........................................................................ [ 69%]
........................................................................ [ 71%]
........................................................................ [ 73%]
........................................................................ [ 74%]
........................................................................ [ 76%]
........................................................................ [ 78%]
........................................................................ [ 80%]
........................................................................ [ 81%]
........................................................................ [ 83%]
........................................................................ [ 85%]
........................................................................ [ 86%]
........................................................................ [ 88%]
........................................................................ [ 90%]
........................................................................ [ 92%]
........................................................................ [ 93%]
........................................................................ [ 95%]
........................................................................ [ 97%]
........................................................................ [ 98%]
.................................................                        [100%]
=========================== short test summary info ============================
SKIPPED [1] tests/test_live_runtimes.py:59: set ACCRETION_LIVE_PROVIDERS=1 to use signed-in provider sessions
SKIPPED [1] tests/test_live_runtimes.py:87: set ACCRETION_LIVE_PROVIDERS=1 to use signed-in provider sessions
SKIPPED [1] tests/test_live_runtimes.py:101: set ACCRETION_LIVE_PROVIDERS=1 to use signed-in provider sessions
SKIPPED [1] tests/test_live_runtimes.py:127: set ACCRETION_LIVE_PROVIDERS=1 to use signed-in provider sessions
SKIPPED [1] tests/test_live_runtimes.py:134: set ACCRETION_LIVE_PROVIDERS=1 to use signed-in provider sessions
SKIPPED [1] tests/test_live_runtimes.py:144: set ACCRETION_LIVE_PROVIDERS=1 to use signed-in provider sessions
4219 passed, 6 skipped in 192.36s (0:03:12)
